// Jest Snapshot v1, https://goo.gl/fbAQLP

exports[`Tab basic rendering: styled tab has correct props 1`] = `
Object {
  "$active": true,
  "$disabled": false,
  "$isFocusVisible": false,
  "$orientation": undefined,
  "aria-disabled": null,
  "aria-selected": true,
  "children": "title",
  "id": undefined,
  "onBlur": [Function],
  "onClick": [Function],
  "onFocus": [Function],
  "onKeyDown": [Function],
  "role": "tab",
  "tabIndex": 0,
}
`;
