// Jest Snapshot v1, https://goo.gl/fbAQLP

exports[`Modal renders portal when open: Rendered Modal 1`] = `
<Modal
  animate={true}
  autoFocus={true}
  autofocus={null}
  closeable={true}
  isOpen={true}
  overrides={Object {}}
  role="dialog"
  size="default"
  unstable_ModalBackdropScroll={false}
>
  <mockConstructor>
    <ForwardRef
      autoFocus={true}
      returnFocus={true}
    >
      <ForwardRef
        as="div"
        autoFocus={true}
        disabled={false}
        lockProps={Object {}}
        noFocusGuards={false}
        persistentFocus={false}
        returnFocus={true}
        sideCar={[Function]}
      >
        <Portal
          key="guard-first"
        />
        <Portal
          key="guard-nearest"
        />
        <SideEffect(FocusWatcher)
          autoFocus={true}
          disabled={false}
          id={Object {}}
          observed={
            <div
              data-focus-lock-disabled="false"
            >
              <div
                data-baseweb="modal"
                styled-component="true"
                test-style="[object Object]"
              >
                <div
                  styled-component="true"
                  test-style="[object Object]"
                />
                <div
                  styled-component="true"
                  test-style="[object Object]"
                >
                  <div
                    aria-modal="true"
                    role="dialog"
                    styled-component="true"
                    tabindex="-1"
                    test-style="[object Object]"
                  >
                    <div
                      styled-component="true"
                      test-style="[object Object]"
                    >
                      Hello world
                    </div>
                    <div
                      styled-component="true"
                      test-style="[object Object]"
                    >
                      Modal Body
                    </div>
                    <div
                      styled-component="true"
                      test-style="[object Object]"
                    >
                      Footer
                    </div>
                    <button
                      aria-label="Close"
                      styled-component="true"
                      test-style="[object Object]"
                    >
                      <svg
                        height="10"
                        style="stroke: currentColor;"
                        viewBox="0 0 10 10"
                        width="10"
                        xmlns="http://www.w3.org/2000/svg"
                      >
                        <path
                          d="M9 1L5 5M1 9L5 5M5 5L1 1M5 5L9 9"
                          stroke-linecap="round"
                          stroke-width="2"
                        />
                      </svg>
                    </button>
                  </div>
                </div>
              </div>
            </div>
          }
          onActivation={[Function]}
          onDeactivation={[Function]}
          persistentFocus={false}
          returnFocus={[Function]}
          shards={Array []}
          sideCar={
            Object {
              "assignMedium": [Function],
              "assignSyncMedium": [Function],
              "options": Object {
                "async": true,
                "ssr": false,
              },
              "read": [Function],
              "useMedium": [Function],
            }
          }
        >
          <FocusWatcher
            autoFocus={true}
            disabled={false}
            id={Object {}}
            observed={
              <div
                data-focus-lock-disabled="false"
              >
                <div
                  data-baseweb="modal"
                  styled-component="true"
                  test-style="[object Object]"
                >
                  <div
                    styled-component="true"
                    test-style="[object Object]"
                  />
                  <div
                    styled-component="true"
                    test-style="[object Object]"
                  >
                    <div
                      aria-modal="true"
                      role="dialog"
                      styled-component="true"
                      tabindex="-1"
                      test-style="[object Object]"
                    >
                      <div
                        styled-component="true"
                        test-style="[object Object]"
                      >
                        Hello world
                      </div>
                      <div
                        styled-component="true"
                        test-style="[object Object]"
                      >
                        Modal Body
                      </div>
                      <div
                        styled-component="true"
                        test-style="[object Object]"
                      >
                        Footer
                      </div>
                      <button
                        aria-label="Close"
                        styled-component="true"
                        test-style="[object Object]"
                      >
                        <svg
                          height="10"
                          style="stroke: currentColor;"
                          viewBox="0 0 10 10"
                          width="10"
                          xmlns="http://www.w3.org/2000/svg"
                        >
                          <path
                            d="M9 1L5 5M1 9L5 5M5 5L1 1M5 5L9 9"
                            stroke-linecap="round"
                            stroke-width="2"
                          />
                        </svg>
                      </button>
                    </div>
                  </div>
                </div>
              </div>
            }
            onActivation={[Function]}
            onDeactivation={[Function]}
            persistentFocus={false}
            returnFocus={[Function]}
            shards={Array []}
            sideCar={
              Object {
                "assignMedium": [Function],
                "assignSyncMedium": [Function],
                "options": Object {
                  "async": true,
                  "ssr": false,
                },
                "read": [Function],
                "useMedium": [Function],
              }
            }
          />
        </SideEffect(FocusWatcher)>
        <Portal>
          <ForwardRef
            $animate={true}
            $closeable={true}
            $isFocusVisible={false}
            $isOpen={true}
            $isVisible={false}
            $role="dialog"
            $size="default"
            $unstable_ModalBackdropScroll={false}
            data-baseweb="modal"
          >
            <MockStyledComponent
              $animate={true}
              $closeable={true}
              $isFocusVisible={false}
              $isOpen={true}
              $isVisible={false}
              $role="dialog"
              $size="default"
              $unstable_ModalBackdropScroll={false}
              data-baseweb="modal"
              forwardedRef={
                Object {
                  "current": <div
                    data-baseweb="modal"
                    styled-component="true"
                    test-style="[object Object]"
                  >
                    <div
                      styled-component="true"
                      test-style="[object Object]"
                    />
                    <div
                      styled-component="true"
                      test-style="[object Object]"
                    >
                      <div
                        aria-modal="true"
                        role="dialog"
                        styled-component="true"
                        tabindex="-1"
                        test-style="[object Object]"
                      >
                        <div
                          styled-component="true"
                          test-style="[object Object]"
                        >
                          Hello world
                        </div>
                        <div
                          styled-component="true"
                          test-style="[object Object]"
                        >
                          Modal Body
                        </div>
                        <div
                          styled-component="true"
                          test-style="[object Object]"
                        >
                          Footer
                        </div>
                        <button
                          aria-label="Close"
                          styled-component="true"
                          test-style="[object Object]"
                        >
                          <svg
                            height="10"
                            style="stroke: currentColor;"
                            viewBox="0 0 10 10"
                            width="10"
                            xmlns="http://www.w3.org/2000/svg"
                          >
                            <path
                              d="M9 1L5 5M1 9L5 5M5 5L1 1M5 5L9 9"
                              stroke-linecap="round"
                              stroke-width="2"
                            />
                          </svg>
                        </button>
                      </div>
                    </div>
                  </div>,
                }
              }
            >
              <Portal>
                <ForwardRef
                  $animate={true}
                  $closeable={true}
                  $isFocusVisible={false}
                  $isOpen={true}
                  $isVisible={false}
                  $role="dialog"
                  $size="default"
                  $unstable_ModalBackdropScroll={false}
                  onClick={[Function]}
                >
                  <MockStyledComponent
                    $animate={true}
                    $closeable={true}
                    $isFocusVisible={false}
                    $isOpen={true}
                    $isVisible={false}
                    $role="dialog"
                    $size="default"
                    $unstable_ModalBackdropScroll={false}
                    forwardedRef={null}
                    onClick={[Function]}
                  >
                    <Portal />
                  </MockStyledComponent>
                </ForwardRef>
                <ForwardRef
                  $animate={true}
                  $closeable={true}
                  $isFocusVisible={false}
                  $isOpen={true}
                  $isVisible={false}
                  $role="dialog"
                  $size="default"
                  $unstable_ModalBackdropScroll={false}
                >
                  <MockStyledComponent
                    $animate={true}
                    $closeable={true}
                    $isFocusVisible={false}
                    $isOpen={true}
                    $isVisible={false}
                    $role="dialog"
                    $size="default"
                    $unstable_ModalBackdropScroll={false}
                    forwardedRef={null}
                  >
                    <Portal>
                      <ForwardRef
                        $animate={true}
                        $closeable={true}
                        $isFocusVisible={false}
                        $isOpen={true}
                        $isVisible={false}
                        $role="dialog"
                        $size="default"
                        $unstable_ModalBackdropScroll={false}
                        aria-modal="true"
                        role="dialog"
                        tabIndex={-1}
                      >
                        <MockStyledComponent
                          $animate={true}
                          $closeable={true}
                          $isFocusVisible={false}
                          $isOpen={true}
                          $isVisible={false}
                          $role="dialog"
                          $size="default"
                          $unstable_ModalBackdropScroll={false}
                          aria-modal="true"
                          forwardedRef={
                            Object {
                              "current": <div
                                aria-modal="true"
                                role="dialog"
                                styled-component="true"
                                tabindex="-1"
                                test-style="[object Object]"
                              >
                                <div
                                  styled-component="true"
                                  test-style="[object Object]"
                                >
                                  Hello world
                                </div>
                                <div
                                  styled-component="true"
                                  test-style="[object Object]"
                                >
                                  Modal Body
                                </div>
                                <div
                                  styled-component="true"
                                  test-style="[object Object]"
                                >
                                  Footer
                                </div>
                                <button
                                  aria-label="Close"
                                  styled-component="true"
                                  test-style="[object Object]"
                                >
                                  <svg
                                    height="10"
                                    style="stroke: currentColor;"
                                    viewBox="0 0 10 10"
                                    width="10"
                                    xmlns="http://www.w3.org/2000/svg"
                                  >
                                    <path
                                      d="M9 1L5 5M1 9L5 5M5 5L1 1M5 5L9 9"
                                      stroke-linecap="round"
                                      stroke-width="2"
                                    />
                                  </svg>
                                </button>
                              </div>,
                            }
                          }
                          role="dialog"
                          tabIndex={-1}
                        >
                          <Portal>
                            <ForwardRef>
                              <MockStyledComponent
                                forwardedRef={null}
                              >
                                <Portal />
                              </MockStyledComponent>
                            </ForwardRef>
                            <ForwardRef>
                              <MockStyledComponent
                                forwardedRef={null}
                              >
                                <Portal />
                              </MockStyledComponent>
                            </ForwardRef>
                            <ForwardRef>
                              <MockStyledComponent
                                forwardedRef={null}
                              >
                                <Portal />
                              </MockStyledComponent>
                            </ForwardRef>
                            <ForwardRef
                              $animate={true}
                              $closeable={true}
                              $isFocusVisible={false}
                              $isOpen={true}
                              $isVisible={false}
                              $role="dialog"
                              $size="default"
                              $unstable_ModalBackdropScroll={false}
                              aria-label="Close"
                              onBlur={[Function]}
                              onClick={[Function]}
                              onFocus={[Function]}
                            >
                              <MockStyledComponent
                                $animate={true}
                                $closeable={true}
                                $isFocusVisible={false}
                                $isOpen={true}
                                $isVisible={false}
                                $role="dialog"
                                $size="default"
                                $unstable_ModalBackdropScroll={false}
                                aria-label="Close"
                                forwardedRef={null}
                                onBlur={[Function]}
                                onClick={[Function]}
                                onFocus={[Function]}
                              >
                                <Portal>
                                  <CloseIcon>
                                    <Portal>
                                      <Portal />
                                    </Portal>
                                  </CloseIcon>
                                </Portal>
                              </MockStyledComponent>
                            </ForwardRef>
                          </Portal>
                        </MockStyledComponent>
                      </ForwardRef>
                    </Portal>
                  </MockStyledComponent>
                </ForwardRef>
              </Portal>
            </MockStyledComponent>
          </ForwardRef>
        </Portal>
        <Portal />
      </ForwardRef>
    </ForwardRef>
  </mockConstructor>
</Modal>
`;
