// Jest Snapshot v1, https://goo.gl/fbAQLP

exports[`basic render: renders <Input/> as a child 1`] = `
<Input
  autoComplete="on"
  autoFocus={false}
  clearable={false}
  disabled={false}
  endEnhancer={null}
  error={false}
  name=""
  onBlur={[Function]}
  onChange={[Function]}
  onClear={[Function]}
  onFocus={[Function]}
  overrides={
    Object {
      "Input": [Function],
    }
  }
  required={false}
  size="default"
  startEnhancer={null}
  type="text"
  value=""
/>
`;

exports[`basic render: renders <StatefulContainer/> 1`] = `
<StatefulContainer
  initialState={Object {}}
  onChange={[MockFunction]}
  onClear={[Function]}
  overrides={
    Object {
      "Input": [Function],
    }
  }
  stateReducer={[Function]}
>
  <Component />
</StatefulContainer>
`;
