// Jest Snapshot v1, https://goo.gl/fbAQLP

exports[`Breadcrumbs displays separators in correct positions 1`] = `
<MockStyledComponent
  aria-label=""
  data-baseweb="breadcrumbs"
>
  <StyledLink
    href="#"
  >
    Parent Page
  </StyledLink>
  <MockStyledComponent
    key="separator-0"
  >
    <MockStyledComponent />
  </MockStyledComponent>
  <StyledLink
    href="#"
  >
    Sub-Parent Page
  </StyledLink>
  <MockStyledComponent
    key="separator-1"
  >
    <MockStyledComponent />
  </MockStyledComponent>
  <span>
    Current Page
  </span>
</MockStyledComponent>
`;
