// Jest Snapshot v1, https://goo.gl/fbAQLP

exports[`EmoticonRating RatingItem applies correct props if item is active 1`] = `
<ForwardRef
  $index={1}
  $isActive={false}
  $isFocusVisible={false}
  $isSelected={false}
  aria-checked={false}
  aria-posinset={1}
  aria-setsize={5}
  key="1"
  onBlur={[Function]}
  onClick={[Function]}
  onFocus={[Function]}
  onKeyDown={[Function]}
  onMouseOver={[Function]}
  role="radio"
  tabIndex="-1"
/>
`;
