// Jest Snapshot v1, https://goo.gl/fbAQLP

exports[`Multi Value component renders MultiValue: passes corect props to an underlying component 1`] = `
Object {
  "children": "test",
  "onActionClick": [MockFunction],
  "overrides": Object {
    "Root": Object {
      "style": Object {
        "marginBottom": "2px",
        "marginLeft": "2px",
        "marginRight": "2px",
        "marginTop": "2px",
      },
    },
  },
}
`;
