// Jest Snapshot v1, https://goo.gl/fbAQLP

exports[`Stateless header navigation should render component: Component has correct render 1`] = `
<HeaderNavigation
  overrides={Object {}}
>
  <MockStyledComponent
    data-baseweb="header-navigation"
    role="navigation"
  >
    <nav
      data-baseweb="header-navigation"
      role="navigation"
      styled-component="true"
    >
      Some tag
    </nav>
  </MockStyledComponent>
</HeaderNavigation>
`;
