// Jest Snapshot v1, https://goo.gl/fbAQLP

exports[`Stateless progress bar should render component: Component has correct render 1`] = `
<ProgressBar
  getProgressLabel={[MockFunction]}
  infinite={false}
  overrides={Object {}}
  showLabel={false}
  successValue={100}
  value={75}
>
  <ForwardRef
    $infinite={false}
    $successValue={100}
    $value={75}
    aria-invalid={null}
    aria-valuemax={100}
    aria-valuemin={0}
    aria-valuenow={75}
    data-baseweb="progress-bar"
    role="progressbar"
  >
    <MockStyledComponent
      $infinite={false}
      $successValue={100}
      $value={75}
      aria-invalid={null}
      aria-valuemax={100}
      aria-valuemin={0}
      aria-valuenow={75}
      data-baseweb="progress-bar"
      forwardedRef={null}
      role="progressbar"
    >
      <div
        aria-invalid={null}
        aria-valuemax={100}
        aria-valuemin={0}
        aria-valuenow={75}
        data-baseweb="progress-bar"
        role="progressbar"
        styled-component="true"
        test-style="{
  \\"width\\": \\"100%\\"
}"
      >
        <ForwardRef
          $infinite={false}
          $successValue={100}
          $value={75}
        >
          <MockStyledComponent
            $infinite={false}
            $successValue={100}
            $value={75}
            forwardedRef={null}
          >
            <div
              styled-component="true"
              test-style="{
  \\"marginLeft\\": \\"$theme.sizing.scale500\\",
  \\"marginRight\\": \\"$theme.sizing.scale500\\",
  \\"marginTop\\": \\"$theme.sizing.scale500\\",
  \\"marginBottom\\": \\"$theme.sizing.scale500\\",
  \\"borderTopLeftRadius\\": \\"$theme.sizing.scale0\\",
  \\"borderTopRightRadius\\": \\"$theme.sizing.scale0\\",
  \\"borderBottomRightRadius\\": \\"$theme.sizing.scale0\\",
  \\"borderBottomLeftRadius\\": \\"$theme.sizing.scale0\\",
  \\"backgroundColor\\": null,
  \\"height\\": \\"4px\\",
  \\"position\\": \\"relative\\",
  \\"overflow\\": \\"hidden\\"
}"
            >
              <ForwardRef
                $infinite={false}
                $successValue={100}
                $value={75}
              >
                <MockStyledComponent
                  $infinite={false}
                  $successValue={100}
                  $value={75}
                  forwardedRef={null}
                >
                  <div
                    styled-component="true"
                    test-style="{
  \\"borderTopLeftRadius\\": \\"$theme.sizing.scale0\\",
  \\"borderTopRightRadius\\": \\"$theme.sizing.scale0\\",
  \\"borderBottomRightRadius\\": \\"$theme.sizing.scale0\\",
  \\"borderBottomLeftRadius\\": \\"$theme.sizing.scale0\\",
  \\"backgroundColor\\": \\"$theme.colors.accent\\",
  \\"height\\": \\"100%\\",
  \\"width\\": \\"75%\\",
  \\"transition\\": \\"width 0.5s\\"
}"
                  />
                </MockStyledComponent>
              </ForwardRef>
            </div>
          </MockStyledComponent>
        </ForwardRef>
      </div>
    </MockStyledComponent>
  </ForwardRef>
</ProgressBar>
`;
