// Jest Snapshot v1, https://goo.gl/fbAQLP

exports[`StatefulContainer - basic render: function-as-child called with correct args 1`] = `
Array [
  Object {
    "activeItemId": "/",
    "onChange": [Function],
  },
]
`;
